image/Roud1_1_1.png label/Roud1_1_1.png
image/Roud1_1_1009.png  label/Roud1_1_1009.png
image/Roud1_1_101.png	label/Roud1_1_101.png
image/Roud1_1_1015.png	label/Roud1_1_1015.png
image/Roud1_1_1023.png	label/Roud1_1_1023.png
image/Roud1_1_1048.png	label/Roud1_1_1048.png
image/Roud1_1_1053.png	label/Roud1_1_1053.png
image/Roud1_1_1059.png	label/Roud1_1_1059.png
image/Roud1_1_1060.png	label/Roud1_1_1060.png
image/Roud1_1_107.png	label/Roud1_1_107.png
image/Roud1_1_1077.png	label/Roud1_1_1077.png
image/Roud1_1_1090.png	label/Roud1_1_1090.png
image/Roud1_1_1096.png	label/Roud1_1_1096.png
image/Roud1_1_1112.png	label/Roud1_1_1112.png
image/Roud1_1_1123.png	label/Roud1_1_1123.png
image/Roud1_1_1135.png	label/Roud1_1_1135.png
image/Roud1_1_1137.png	label/Roud1_1_1137.png
image/Roud1_1_1140.png	label/Roud1_1_1140.png
image/Roud1_1_1150.png	label/Roud1_1_1150.png
image/Roud1_1_1152.png	label/Roud1_1_1152.png
image/Roud1_1_1158.png	label/Roud1_1_1158.png
image/Roud1_1_1162.png	label/Roud1_1_1162.png
image/Roud1_1_1181.png	label/Roud1_1_1181.png
image/Roud1_1_1202.png	label/Roud1_1_1202.png
image/Roud1_1_1216.png	label/Roud1_1_1216.png
image/Roud1_1_1219.png	label/Roud1_1_1219.png
image/Roud1_1_1226.png	label/Roud1_1_1226.png
image/Roud1_1_1232.png	label/Roud1_1_1232.png
image/Roud1_1_1241.png	label/Roud1_1_1241.png
image/Roud1_1_1242.png	label/Roud1_1_1242.png
image/Roud1_1_1268.png	label/Roud1_1_1268.png
image/Roud1_1_1295.png	label/Roud1_1_1295.png
image/Roud1_1_1305.png	label/Roud1_1_1305.png
image/Roud1_1_1307.png	label/Roud1_1_1307.png
image/Roud1_1_1311.png	label/Roud1_1_1311.png
image/Roud1_1_1321.png	label/Roud1_1_1321.png
image/Roud1_1_1330.png	label/Roud1_1_1330.png
image/Roud1_1_1344.png	label/Roud1_1_1344.png
image/Roud1_1_1347.png	label/Roud1_1_1347.png
image/Roud1_1_1352.png	label/Roud1_1_1352.png
image/Roud1_1_1359.png	label/Roud1_1_1359.png
image/Roud1_1_1364.png	label/Roud1_1_1364.png
image/Roud1_1_1384.png	label/Roud1_1_1384.png
image/Roud1_1_139.png	label/Roud1_1_139.png
image/Roud1_1_1406.png	label/Roud1_1_1406.png
image/Roud1_1_141.png	label/Roud1_1_141.png
image/Roud1_1_1413.png	label/Roud1_1_1413.png
image/Roud1_1_1419.png	label/Roud1_1_1419.png
image/Roud1_1_1442.png	label/Roud1_1_1442.png
image/Roud1_1_1475.png	label/Roud1_1_1475.png
image/Roud1_1_1529.png	label/Roud1_1_1529.png
image/Roud1_1_1530.png	label/Roud1_1_1530.png
image/Roud1_1_1546.png	label/Roud1_1_1546.png
image/Roud1_1_1553.png	label/Roud1_1_1553.png
image/Roud1_1_1558.png	label/Roud1_1_1558.png
image/Roud1_1_1560.png	label/Roud1_1_1560.png
image/Roud1_1_1561.png	label/Roud1_1_1561.png
image/Roud1_1_1580.png	label/Roud1_1_1580.png
image/Roud1_1_16.png	label/Roud1_1_16.png
image/Roud1_1_1603.png	label/Roud1_1_1603.png
image/Roud1_1_1608.png	label/Roud1_1_1608.png
image/Roud1_1_1613.png	label/Roud1_1_1613.png
image/Roud1_1_162.png	label/Roud1_1_162.png
image/Roud1_1_1623.png	label/Roud1_1_1623.png
image/Roud1_1_1632.png	label/Roud1_1_1632.png
image/Roud1_1_1636.png	label/Roud1_1_1636.png
image/Roud1_1_1640.png	label/Roud1_1_1640.png
image/Roud1_1_1653.png	label/Roud1_1_1653.png
image/Roud1_1_1659.png	label/Roud1_1_1659.png
image/Roud1_1_1670.png	label/Roud1_1_1670.png
image/Roud1_1_1698.png	label/Roud1_1_1698.png
image/Roud1_1_1703.png	label/Roud1_1_1703.png
image/Roud1_1_1727.png	label/Roud1_1_1727.png
image/Roud1_1_1729.png	label/Roud1_1_1729.png
image/Roud1_1_1741.png	label/Roud1_1_1741.png
image/Roud1_1_1742.png	label/Roud1_1_1742.png
image/Roud1_1_1749.png	label/Roud1_1_1749.png
image/Roud1_1_1758.png	label/Roud1_1_1758.png
image/Roud1_1_1760.png	label/Roud1_1_1760.png
image/Roud1_1_1765.png	label/Roud1_1_1765.png
image/Roud1_1_1772.png	label/Roud1_1_1772.png
image/Roud1_1_1785.png	label/Roud1_1_1785.png
image/Roud1_1_1787.png	label/Roud1_1_1787.png
image/Roud1_1_1790.png	label/Roud1_1_1790.png
image/Roud1_1_1794.png	label/Roud1_1_1794.png
image/Roud1_1_18.png	label/Roud1_1_18.png
image/Roud1_1_1801.png	label/Roud1_1_1801.png
image/Roud1_1_181.png	label/Roud1_1_181.png
image/Roud1_1_182.png	label/Roud1_1_182.png
image/Roud1_1_1829.png	label/Roud1_1_1829.png
image/Roud1_1_1831.png	label/Roud1_1_1831.png
image/Roud1_1_1833.png	label/Roud1_1_1833.png
image/Roud1_1_1842.png	label/Roud1_1_1842.png
image/Roud1_1_1846.png	label/Roud1_1_1846.png
image/Roud1_1_202.png	label/Roud1_1_202.png
image/Roud1_1_206.png	label/Roud1_1_206.png
image/Roud1_1_223.png	label/Roud1_1_223.png
image/Roud1_1_233.png	label/Roud1_1_233.png
image/Roud1_1_26.png	label/Roud1_1_26.png
image/Roud1_1_260.png	label/Roud1_1_260.png
image/Roud1_1_277.png	label/Roud1_1_277.png
image/Roud1_1_279.png	label/Roud1_1_279.png
image/Roud1_1_282.png	label/Roud1_1_282.png
image/Roud1_1_302.png	label/Roud1_1_302.png
image/Roud1_1_325.png	label/Roud1_1_325.png
image/Roud1_1_327.png	label/Roud1_1_327.png
image/Roud1_1_329.png	label/Roud1_1_329.png
image/Roud1_1_332.png	label/Roud1_1_332.png
image/Roud1_1_338.png	label/Roud1_1_338.png
image/Roud1_1_367.png	label/Roud1_1_367.png
image/Roud1_1_413.png	label/Roud1_1_413.png
image/Roud1_1_419.png	label/Roud1_1_419.png
image/Roud1_1_420.png	label/Roud1_1_420.png
image/Roud1_1_437.png	label/Roud1_1_437.png
image/Roud1_1_448.png	label/Roud1_1_448.png
image/Roud1_1_452.png	label/Roud1_1_452.png
image/Roud1_1_461.png	label/Roud1_1_461.png
image/Roud1_1_474.png	label/Roud1_1_474.png
image/Roud1_1_486.png	label/Roud1_1_486.png
image/Roud1_1_49.png	label/Roud1_1_49.png
image/Roud1_1_495.png	label/Roud1_1_495.png
image/Roud1_1_50.png	label/Roud1_1_50.png
image/Roud1_1_503.png	label/Roud1_1_503.png
image/Roud1_1_508.png	label/Roud1_1_508.png
image/Roud1_1_515.png	label/Roud1_1_515.png
image/Roud1_1_522.png	label/Roud1_1_522.png
image/Roud1_1_540.png	label/Roud1_1_540.png
image/Roud1_1_559.png	label/Roud1_1_559.png
image/Roud1_1_566.png	label/Roud1_1_566.png
image/Roud1_1_585.png	label/Roud1_1_585.png
image/Roud1_1_60.png	label/Roud1_1_60.png
image/Roud1_1_605.png	label/Roud1_1_605.png
image/Roud1_1_607.png	label/Roud1_1_607.png
image/Roud1_1_612.png	label/Roud1_1_612.png
image/Roud1_1_626.png	label/Roud1_1_626.png
image/Roud1_1_628.png	label/Roud1_1_628.png
image/Roud1_1_63.png	label/Roud1_1_63.png
image/Roud1_1_632.png	label/Roud1_1_632.png
image/Roud1_1_638.png	label/Roud1_1_638.png
image/Roud1_1_672.png	label/Roud1_1_672.png
image/Roud1_1_680.png	label/Roud1_1_680.png
image/Roud1_1_688.png	label/Roud1_1_688.png
image/Roud1_1_699.png	label/Roud1_1_699.png
image/Roud1_1_700.png	label/Roud1_1_700.png
image/Roud1_1_702.png	label/Roud1_1_702.png
image/Roud1_1_72.png	label/Roud1_1_72.png
image/Roud1_1_723.png	label/Roud1_1_723.png
image/Roud1_1_737.png	label/Roud1_1_737.png
image/Roud1_1_76.png	label/Roud1_1_76.png
image/Roud1_1_776.png	label/Roud1_1_776.png
image/Roud1_1_784.png	label/Roud1_1_784.png
image/Roud1_1_788.png	label/Roud1_1_788.png
image/Roud1_1_809.png	label/Roud1_1_809.png
image/Roud1_1_812.png	label/Roud1_1_812.png
image/Roud1_1_815.png	label/Roud1_1_815.png
image/Roud1_1_827.png	label/Roud1_1_827.png
image/Roud1_1_836.png	label/Roud1_1_836.png
image/Roud1_1_842.png	label/Roud1_1_842.png
image/Roud1_1_844.png	label/Roud1_1_844.png
image/Roud1_1_859.png	label/Roud1_1_859.png
image/Roud1_1_86.png	label/Roud1_1_86.png
image/Roud1_1_879.png	label/Roud1_1_879.png
image/Roud1_1_88.png	label/Roud1_1_88.png
image/Roud1_1_91.png	label/Roud1_1_91.png
image/Roud1_1_930.png	label/Roud1_1_930.png
image/Roud1_1_941.png	label/Roud1_1_941.png
image/Roud1_1_952.png	label/Roud1_1_952.png
image/Roud1_1_959.png	label/Roud1_1_959.png
image/Roud1_1_969.png	label/Roud1_1_969.png
image/Roud1_1_971.png	label/Roud1_1_971.png
image/Roud1_1_981.png	label/Roud1_1_981.png
image/Roud1_1_990.png	label/Roud1_1_990.png
image/Roud1_2_1.png	label/Roud1_2_1.png
image/Roud1_2_1004.png	label/Roud1_2_1004.png
image/Roud1_2_1009.png	label/Roud1_2_1009.png
image/Roud1_2_1016.png	label/Roud1_2_1016.png
image/Roud1_2_1038.png	label/Roud1_2_1038.png
image/Roud1_2_1039.png	label/Roud1_2_1039.png
image/Roud1_2_1045.png	label/Roud1_2_1045.png
image/Roud1_2_1047.png	label/Roud1_2_1047.png
image/Roud1_2_1050.png	label/Roud1_2_1050.png
image/Roud1_2_1053.png	label/Roud1_2_1053.png
image/Roud1_2_1068.png	label/Roud1_2_1068.png
image/Roud1_2_1073.png	label/Roud1_2_1073.png
image/Roud1_2_108.png	label/Roud1_2_108.png
image/Roud1_2_1091.png	label/Roud1_2_1091.png
image/Roud1_2_1094.png	label/Roud1_2_1094.png
image/Roud1_2_1101.png	label/Roud1_2_1101.png
image/Roud1_2_111.png	label/Roud1_2_111.png
image/Roud1_2_114.png	label/Roud1_2_114.png
image/Roud1_2_1146.png	label/Roud1_2_1146.png
image/Roud1_2_1155.png	label/Roud1_2_1155.png
image/Roud1_2_1157.png	label/Roud1_2_1157.png
image/Roud1_2_1163.png	label/Roud1_2_1163.png
image/Roud1_2_1169.png	label/Roud1_2_1169.png
image/Roud1_2_1171.png	label/Roud1_2_1171.png
image/Roud1_2_1173.png	label/Roud1_2_1173.png
image/Roud1_2_1188.png	label/Roud1_2_1188.png
image/Roud1_2_1196.png	label/Roud1_2_1196.png
image/Roud1_2_1199.png	label/Roud1_2_1199.png
image/Roud1_2_1202.png	label/Roud1_2_1202.png
image/Roud1_2_1205.png	label/Roud1_2_1205.png
image/Roud1_2_1207.png	label/Roud1_2_1207.png
image/Roud1_2_1209.png	label/Roud1_2_1209.png
image/Roud1_2_1211.png	label/Roud1_2_1211.png
image/Roud1_2_122.png	label/Roud1_2_122.png
image/Roud1_2_123.png	label/Roud1_2_123.png
image/Roud1_2_1234.png	label/Roud1_2_1234.png
image/Roud1_2_1236.png	label/Roud1_2_1236.png
image/Roud1_2_1237.png	label/Roud1_2_1237.png
image/Roud1_2_124.png	label/Roud1_2_124.png
image/Roud1_2_1243.png	label/Roud1_2_1243.png
image/Roud1_2_1266.png	label/Roud1_2_1266.png
image/Roud1_2_1278.png	label/Roud1_2_1278.png
image/Roud1_2_1283.png	label/Roud1_2_1283.png
image/Roud1_2_130.png	label/Roud1_2_130.png
image/Roud1_2_1308.png	label/Roud1_2_1308.png
image/Roud1_2_1309.png	label/Roud1_2_1309.png
image/Roud1_2_1312.png	label/Roud1_2_1312.png
image/Roud1_2_1317.png	label/Roud1_2_1317.png
image/Roud1_2_1322.png	label/Roud1_2_1322.png
image/Roud1_2_1327.png	label/Roud1_2_1327.png
image/Roud1_2_1334.png	label/Roud1_2_1334.png
image/Roud1_2_1337.png	label/Roud1_2_1337.png
image/Roud1_2_1338.png	label/Roud1_2_1338.png
image/Roud1_2_1341.png	label/Roud1_2_1341.png
image/Roud1_2_1342.png	label/Roud1_2_1342.png
image/Roud1_2_1348.png	label/Roud1_2_1348.png
image/Roud1_2_1360.png	label/Roud1_2_1360.png
image/Roud1_2_1364.png	label/Roud1_2_1364.png
image/Roud1_2_1365.png	label/Roud1_2_1365.png
image/Roud1_2_1369.png	label/Roud1_2_1369.png
image/Roud1_2_1390.png	label/Roud1_2_1390.png
image/Roud1_2_14.png	label/Roud1_2_14.png
image/Roud1_2_1403.png	label/Roud1_2_1403.png
image/Roud1_2_1404.png	label/Roud1_2_1404.png
image/Roud1_2_1410.png	label/Roud1_2_1410.png
image/Roud1_2_1414.png	label/Roud1_2_1414.png
image/Roud1_2_1429.png	label/Roud1_2_1429.png
image/Roud1_2_1430.png	label/Roud1_2_1430.png
image/Roud1_2_1436.png	label/Roud1_2_1436.png
image/Roud1_2_1446.png	label/Roud1_2_1446.png
image/Roud1_2_1449.png	label/Roud1_2_1449.png
image/Roud1_2_145.png	label/Roud1_2_145.png
image/Roud1_2_1456.png	label/Roud1_2_1456.png
image/Roud1_2_1463.png	label/Roud1_2_1463.png
image/Roud1_2_1480.png	label/Roud1_2_1480.png
image/Roud1_2_1484.png	label/Roud1_2_1484.png
image/Roud1_2_149.png	label/Roud1_2_149.png
image/Roud1_2_1490.png	label/Roud1_2_1490.png
image/Roud1_2_1491.png	label/Roud1_2_1491.png
image/Roud1_2_1497.png	label/Roud1_2_1497.png
image/Roud1_2_1504.png	label/Roud1_2_1504.png
image/Roud1_2_1547.png	label/Roud1_2_1547.png
image/Roud1_2_1553.png	label/Roud1_2_1553.png
image/Roud1_2_1555.png	label/Roud1_2_1555.png
image/Roud1_2_1561.png	label/Roud1_2_1561.png
image/Roud1_2_1569.png	label/Roud1_2_1569.png
image/Roud1_2_1573.png	label/Roud1_2_1573.png
image/Roud1_2_1610.png	label/Roud1_2_1610.png
image/Roud1_2_1612.png	label/Roud1_2_1612.png
image/Roud1_2_1614.png	label/Roud1_2_1614.png
image/Roud1_2_1622.png	label/Roud1_2_1622.png
image/Roud1_2_1629.png	label/Roud1_2_1629.png
image/Roud1_2_1635.png	label/Roud1_2_1635.png
image/Roud1_2_1647.png	label/Roud1_2_1647.png
image/Roud1_2_1663.png	label/Roud1_2_1663.png
image/Roud1_2_1680.png	label/Roud1_2_1680.png
image/Roud1_2_170.png	label/Roud1_2_170.png
image/Roud1_2_1702.png	label/Roud1_2_1702.png
image/Roud1_2_1718.png	label/Roud1_2_1718.png
image/Roud1_2_172.png	label/Roud1_2_172.png
image/Roud1_2_1726.png	label/Roud1_2_1726.png
image/Roud1_2_1731.png	label/Roud1_2_1731.png
image/Roud1_2_175.png	label/Roud1_2_175.png
image/Roud1_2_1754.png	label/Roud1_2_1754.png
image/Roud1_2_1764.png	label/Roud1_2_1764.png
image/Roud1_2_1767.png	label/Roud1_2_1767.png
image/Roud1_2_1773.png	label/Roud1_2_1773.png
image/Roud1_2_1780.png	label/Roud1_2_1780.png
image/Roud1_2_1798.png	label/Roud1_2_1798.png
image/Roud1_2_1805.png	label/Roud1_2_1805.png
image/Roud1_2_1863.png	label/Roud1_2_1863.png
image/Roud1_2_1875.png	label/Roud1_2_1875.png
image/Roud1_2_1879.png	label/Roud1_2_1879.png
image/Roud1_2_1926.png	label/Roud1_2_1926.png
image/Roud1_2_1950.png	label/Roud1_2_1950.png
image/Roud1_2_1957.png	label/Roud1_2_1957.png
image/Roud1_2_1959.png	label/Roud1_2_1959.png
image/Roud1_2_1968.png	label/Roud1_2_1968.png
image/Roud1_2_1971.png	label/Roud1_2_1971.png
image/Roud1_2_1973.png	label/Roud1_2_1973.png
image/Roud1_2_1974.png	label/Roud1_2_1974.png
image/Roud1_2_1981.png	label/Roud1_2_1981.png
image/Roud1_2_2001.png	label/Roud1_2_2001.png
image/Roud1_2_2026.png	label/Roud1_2_2026.png
image/Roud1_2_2039.png	label/Roud1_2_2039.png
image/Roud1_2_2045.png	label/Roud1_2_2045.png
image/Roud1_2_2049.png	label/Roud1_2_2049.png
image/Roud1_2_205.png	label/Roud1_2_205.png
image/Roud1_2_2056.png	label/Roud1_2_2056.png
image/Roud1_2_207.png	label/Roud1_2_207.png
image/Roud1_2_2072.png	label/Roud1_2_2072.png
image/Roud1_2_2083.png	label/Roud1_2_2083.png
image/Roud1_2_2097.png	label/Roud1_2_2097.png
image/Roud1_2_2103.png	label/Roud1_2_2103.png
image/Roud1_2_2104.png	label/Roud1_2_2104.png
image/Roud1_2_2121.png	label/Roud1_2_2121.png
image/Roud1_2_218.png	label/Roud1_2_218.png
image/Roud1_2_222.png	label/Roud1_2_222.png
image/Roud1_2_23.png	label/Roud1_2_23.png
image/Roud1_2_232.png	label/Roud1_2_232.png
image/Roud1_2_249.png	label/Roud1_2_249.png
image/Roud1_2_251.png	label/Roud1_2_251.png
image/Roud1_2_259.png	label/Roud1_2_259.png
image/Roud1_2_265.png	label/Roud1_2_265.png
image/Roud1_2_268.png	label/Roud1_2_268.png
image/Roud1_2_27.png	label/Roud1_2_27.png
image/Roud1_2_278.png	label/Roud1_2_278.png
image/Roud1_2_28.png	label/Roud1_2_28.png
image/Roud1_2_289.png	label/Roud1_2_289.png
image/Roud1_2_301.png	label/Roud1_2_301.png
image/Roud1_2_308.png	label/Roud1_2_308.png
image/Roud1_2_313.png	label/Roud1_2_313.png
image/Roud1_2_343.png	label/Roud1_2_343.png
image/Roud1_2_345.png	label/Roud1_2_345.png
image/Roud1_2_348.png	label/Roud1_2_348.png
image/Roud1_2_358.png	label/Roud1_2_358.png
image/Roud1_2_377.png	label/Roud1_2_377.png
image/Roud1_2_392.png	label/Roud1_2_392.png
image/Roud1_2_394.png	label/Roud1_2_394.png
image/Roud1_2_402.png	label/Roud1_2_402.png
image/Roud1_2_42.png	label/Roud1_2_42.png
image/Roud1_2_428.png	label/Roud1_2_428.png
image/Roud1_2_436.png	label/Roud1_2_436.png
image/Roud1_2_45.png	label/Roud1_2_45.png
image/Roud1_2_468.png	label/Roud1_2_468.png
image/Roud1_2_47.png	label/Roud1_2_47.png
image/Roud1_2_478.png	label/Roud1_2_478.png
image/Roud1_2_496.png	label/Roud1_2_496.png
image/Roud1_2_504.png	label/Roud1_2_504.png
image/Roud1_2_515.png	label/Roud1_2_515.png
image/Roud1_2_517.png	label/Roud1_2_517.png
image/Roud1_2_534.png	label/Roud1_2_534.png
image/Roud1_2_540.png	label/Roud1_2_540.png
image/Roud1_2_553.png	label/Roud1_2_553.png
image/Roud1_2_563.png	label/Roud1_2_563.png
image/Roud1_2_573.png	label/Roud1_2_573.png
image/Roud1_2_575.png	label/Roud1_2_575.png
image/Roud1_2_58.png	label/Roud1_2_58.png
image/Roud1_2_581.png	label/Roud1_2_581.png
image/Roud1_2_59.png	label/Roud1_2_59.png
image/Roud1_2_591.png	label/Roud1_2_591.png
image/Roud1_2_606.png	label/Roud1_2_606.png
image/Roud1_2_609.png	label/Roud1_2_609.png
image/Roud1_2_649.png	label/Roud1_2_649.png
image/Roud1_2_650.png	label/Roud1_2_650.png
image/Roud1_2_67.png	label/Roud1_2_67.png
image/Roud1_2_672.png	label/Roud1_2_672.png
image/Roud1_2_68.png	label/Roud1_2_68.png
image/Roud1_2_684.png	label/Roud1_2_684.png
image/Roud1_2_688.png	label/Roud1_2_688.png
image/Roud1_2_691.png	label/Roud1_2_691.png
image/Roud1_2_697.png	label/Roud1_2_697.png
image/Roud1_2_699.png	label/Roud1_2_699.png
image/Roud1_2_7.png	label/Roud1_2_7.png
image/Roud1_2_710.png	label/Roud1_2_710.png
image/Roud1_2_718.png	label/Roud1_2_718.png
image/Roud1_2_729.png	label/Roud1_2_729.png
image/Roud1_2_730.png	label/Roud1_2_730.png
image/Roud1_2_750.png	label/Roud1_2_750.png
image/Roud1_2_752.png	label/Roud1_2_752.png
image/Roud1_2_755.png	label/Roud1_2_755.png
image/Roud1_2_767.png	label/Roud1_2_767.png
image/Roud1_2_77.png	label/Roud1_2_77.png
image/Roud1_2_775.png	label/Roud1_2_775.png
image/Roud1_2_808.png	label/Roud1_2_808.png
image/Roud1_2_814.png	label/Roud1_2_814.png
image/Roud1_2_815.png	label/Roud1_2_815.png
image/Roud1_2_840.png	label/Roud1_2_840.png
image/Roud1_2_846.png	label/Roud1_2_846.png
image/Roud1_2_853.png	label/Roud1_2_853.png
image/Roud1_2_860.png	label/Roud1_2_860.png
image/Roud1_2_881.png	label/Roud1_2_881.png
image/Roud1_2_892.png	label/Roud1_2_892.png
image/Roud1_2_897.png	label/Roud1_2_897.png
image/Roud1_2_898.png	label/Roud1_2_898.png
image/Roud1_2_9.png	label/Roud1_2_9.png
image/Roud1_2_908.png	label/Roud1_2_908.png
image/Roud1_2_925.png	label/Roud1_2_925.png
image/Roud1_2_927.png	label/Roud1_2_927.png
image/Roud1_2_930.png	label/Roud1_2_930.png
image/Roud1_2_934.png	label/Roud1_2_934.png
image/Roud1_2_955.png	label/Roud1_2_955.png
image/Roud1_2_976.png	label/Roud1_2_976.png
image/Roud1_2_977.png	label/Roud1_2_977.png
image/Roud1_2_982.png	label/Roud1_2_982.png
image/Roud1_2_99.png	label/Roud1_2_99.png
image/Roud1_3_1005.png	label/Roud1_3_1005.png
image/Roud1_3_1010.png	label/Roud1_3_1010.png
image/Roud1_3_1019.png	label/Roud1_3_1019.png
image/Roud1_3_1023.png	label/Roud1_3_1023.png
image/Roud1_3_1026.png	label/Roud1_3_1026.png
image/Roud1_3_1029.png	label/Roud1_3_1029.png
image/Roud1_3_103.png	label/Roud1_3_103.png
image/Roud1_3_1037.png	label/Roud1_3_1037.png
image/Roud1_3_1045.png	label/Roud1_3_1045.png
image/Roud1_3_1046.png	label/Roud1_3_1046.png
image/Roud1_3_1055.png	label/Roud1_3_1055.png
image/Roud1_3_1060.png	label/Roud1_3_1060.png
image/Roud1_3_1084.png	label/Roud1_3_1084.png
image/Roud1_3_1090.png	label/Roud1_3_1090.png
image/Roud1_3_1093.png	label/Roud1_3_1093.png
image/Roud1_3_1100.png	label/Roud1_3_1100.png
image/Roud1_3_1101.png	label/Roud1_3_1101.png
image/Roud1_3_1102.png	label/Roud1_3_1102.png
image/Roud1_3_1118.png	label/Roud1_3_1118.png
image/Roud1_3_1121.png	label/Roud1_3_1121.png
image/Roud1_3_1122.png	label/Roud1_3_1122.png
image/Roud1_3_1131.png	label/Roud1_3_1131.png
image/Roud1_3_1154.png	label/Roud1_3_1154.png
image/Roud1_3_1166.png	label/Roud1_3_1166.png
image/Roud1_3_1189.png	label/Roud1_3_1189.png
image/Roud1_3_12.png	label/Roud1_3_12.png
image/Roud1_3_1200.png	label/Roud1_3_1200.png
image/Roud1_3_1205.png	label/Roud1_3_1205.png
image/Roud1_3_1207.png	label/Roud1_3_1207.png
image/Roud1_3_121.png	label/Roud1_3_121.png
image/Roud1_3_1211.png	label/Roud1_3_1211.png
image/Roud1_3_1213.png	label/Roud1_3_1213.png
image/Roud1_3_1229.png	label/Roud1_3_1229.png
image/Roud1_3_125.png	label/Roud1_3_125.png
image/Roud1_3_1254.png	label/Roud1_3_1254.png
image/Roud1_3_1256.png	label/Roud1_3_1256.png
image/Roud1_3_1257.png	label/Roud1_3_1257.png
image/Roud1_3_1260.png	label/Roud1_3_1260.png
image/Roud1_3_1280.png	label/Roud1_3_1280.png
image/Roud1_3_1283.png	label/Roud1_3_1283.png
image/Roud1_3_1304.png	label/Roud1_3_1304.png
image/Roud1_3_1309.png	label/Roud1_3_1309.png
image/Roud1_3_1315.png	label/Roud1_3_1315.png
image/Roud1_3_1317.png	label/Roud1_3_1317.png
image/Roud1_3_1318.png	label/Roud1_3_1318.png
image/Roud1_3_1321.png	label/Roud1_3_1321.png
image/Roud1_3_1322.png	label/Roud1_3_1322.png
image/Roud1_3_1340.png	label/Roud1_3_1340.png
image/Roud1_3_1344.png	label/Roud1_3_1344.png
image/Roud1_3_1366.png	label/Roud1_3_1366.png
image/Roud1_3_1367.png	label/Roud1_3_1367.png
image/Roud1_3_1371.png	label/Roud1_3_1371.png
image/Roud1_3_1390.png	label/Roud1_3_1390.png
image/Roud1_3_1407.png	label/Roud1_3_1407.png
image/Roud1_3_1413.png	label/Roud1_3_1413.png
image/Roud1_3_1421.png	label/Roud1_3_1421.png
image/Roud1_3_145.png	label/Roud1_3_145.png
image/Roud1_3_1458.png	label/Roud1_3_1458.png
image/Roud1_3_1474.png	label/Roud1_3_1474.png
image/Roud1_3_1491.png	label/Roud1_3_1491.png
image/Roud1_3_1494.png	label/Roud1_3_1494.png
image/Roud1_3_1496.png	label/Roud1_3_1496.png
image/Roud1_3_1525.png	label/Roud1_3_1525.png
image/Roud1_3_1537.png	label/Roud1_3_1537.png
image/Roud1_3_1546.png	label/Roud1_3_1546.png
image/Roud1_3_155.png	label/Roud1_3_155.png
image/Roud1_3_1569.png	label/Roud1_3_1569.png
image/Roud1_3_1571.png	label/Roud1_3_1571.png
image/Roud1_3_1576.png	label/Roud1_3_1576.png
image/Roud1_3_1584.png	label/Roud1_3_1584.png
image/Roud1_3_1588.png	label/Roud1_3_1588.png
image/Roud1_3_1597.png	label/Roud1_3_1597.png
image/Roud1_3_1604.png	label/Roud1_3_1604.png
image/Roud1_3_1605.png	label/Roud1_3_1605.png
image/Roud1_3_1613.png	label/Roud1_3_1613.png
image/Roud1_3_1616.png	label/Roud1_3_1616.png
image/Roud1_3_1670.png	label/Roud1_3_1670.png
image/Roud1_3_1671.png	label/Roud1_3_1671.png
image/Roud1_3_1672.png	label/Roud1_3_1672.png
image/Roud1_3_168.png	label/Roud1_3_168.png
image/Roud1_3_1680.png	label/Roud1_3_1680.png
image/Roud1_3_1682.png	label/Roud1_3_1682.png
image/Roud1_3_1683.png	label/Roud1_3_1683.png
image/Roud1_3_1699.png	label/Roud1_3_1699.png
image/Roud1_3_1700.png	label/Roud1_3_1700.png
image/Roud1_3_1724.png	label/Roud1_3_1724.png
image/Roud1_3_1741.png	label/Roud1_3_1741.png
image/Roud1_3_1750.png	label/Roud1_3_1750.png
image/Roud1_3_1763.png	label/Roud1_3_1763.png
image/Roud1_3_1807.png	label/Roud1_3_1807.png
image/Roud1_3_1816.png	label/Roud1_3_1816.png
image/Roud1_3_1827.png	label/Roud1_3_1827.png
image/Roud1_3_1851.png	label/Roud1_3_1851.png
image/Roud1_3_1874.png	label/Roud1_3_1874.png
image/Roud1_3_1880.png	label/Roud1_3_1880.png
image/Roud1_3_1881.png	label/Roud1_3_1881.png
image/Roud1_3_1894.png	label/Roud1_3_1894.png
image/Roud1_3_19.png	label/Roud1_3_19.png
image/Roud1_3_1902.png	label/Roud1_3_1902.png
image/Roud1_3_1904.png	label/Roud1_3_1904.png
image/Roud1_3_1924.png	label/Roud1_3_1924.png
image/Roud1_3_1942.png	label/Roud1_3_1942.png
image/Roud1_3_1951.png	label/Roud1_3_1951.png
image/Roud1_3_1971.png	label/Roud1_3_1971.png
image/Roud1_3_1973.png	label/Roud1_3_1973.png
image/Roud1_3_2020.png	label/Roud1_3_2020.png
image/Roud1_3_2021.png	label/Roud1_3_2021.png
image/Roud1_3_2043.png	label/Roud1_3_2043.png
image/Roud1_3_2047.png	label/Roud1_3_2047.png
image/Roud1_3_2059.png	label/Roud1_3_2059.png
image/Roud1_3_2060.png	label/Roud1_3_2060.png
image/Roud1_3_2061.png	label/Roud1_3_2061.png
image/Roud1_3_2071.png	label/Roud1_3_2071.png
image/Roud1_3_2074.png	label/Roud1_3_2074.png
image/Roud1_3_2096.png	label/Roud1_3_2096.png
image/Roud1_3_21.png	label/Roud1_3_21.png
image/Roud1_3_2130.png	label/Roud1_3_2130.png
image/Roud1_3_2132.png	label/Roud1_3_2132.png
image/Roud1_3_215.png	label/Roud1_3_215.png
image/Roud1_3_246.png	label/Roud1_3_246.png
image/Roud1_3_254.png	label/Roud1_3_254.png
image/Roud1_3_257.png	label/Roud1_3_257.png
image/Roud1_3_309.png	label/Roud1_3_309.png
image/Roud1_3_324.png	label/Roud1_3_324.png
image/Roud1_3_334.png	label/Roud1_3_334.png
image/Roud1_3_338.png	label/Roud1_3_338.png
image/Roud1_3_351.png	label/Roud1_3_351.png
image/Roud1_3_353.png	label/Roud1_3_353.png
image/Roud1_3_356.png	label/Roud1_3_356.png
image/Roud1_3_359.png	label/Roud1_3_359.png
image/Roud1_3_363.png	label/Roud1_3_363.png
image/Roud1_3_374.png	label/Roud1_3_374.png
image/Roud1_3_38.png	label/Roud1_3_38.png
image/Roud1_3_388.png	label/Roud1_3_388.png
image/Roud1_3_389.png	label/Roud1_3_389.png
image/Roud1_3_39.png	label/Roud1_3_39.png
image/Roud1_3_392.png	label/Roud1_3_392.png
image/Roud1_3_397.png	label/Roud1_3_397.png
image/Roud1_3_438.png	label/Roud1_3_438.png
image/Roud1_3_439.png	label/Roud1_3_439.png
image/Roud1_3_459.png	label/Roud1_3_459.png
image/Roud1_3_464.png	label/Roud1_3_464.png
image/Roud1_3_494.png	label/Roud1_3_494.png
image/Roud1_3_503.png	label/Roud1_3_503.png
image/Roud1_3_515.png	label/Roud1_3_515.png
image/Roud1_3_539.png	label/Roud1_3_539.png
image/Roud1_3_541.png	label/Roud1_3_541.png
image/Roud1_3_542.png	label/Roud1_3_542.png
image/Roud1_3_566.png	label/Roud1_3_566.png
image/Roud1_3_569.png	label/Roud1_3_569.png
image/Roud1_3_579.png	label/Roud1_3_579.png
image/Roud1_3_581.png	label/Roud1_3_581.png
image/Roud1_3_582.png	label/Roud1_3_582.png
image/Roud1_3_584.png	label/Roud1_3_584.png
image/Roud1_3_59.png	label/Roud1_3_59.png
image/Roud1_3_610.png	label/Roud1_3_610.png
image/Roud1_3_616.png	label/Roud1_3_616.png
image/Roud1_3_619.png	label/Roud1_3_619.png
image/Roud1_3_668.png	label/Roud1_3_668.png
image/Roud1_3_674.png	label/Roud1_3_674.png
image/Roud1_3_676.png	label/Roud1_3_676.png
image/Roud1_3_679.png	label/Roud1_3_679.png
image/Roud1_3_682.png	label/Roud1_3_682.png
image/Roud1_3_686.png	label/Roud1_3_686.png
image/Roud1_3_688.png	label/Roud1_3_688.png
image/Roud1_3_69.png	label/Roud1_3_69.png
image/Roud1_3_690.png	label/Roud1_3_690.png
image/Roud1_3_692.png	label/Roud1_3_692.png
image/Roud1_3_693.png	label/Roud1_3_693.png
image/Roud1_3_697.png	label/Roud1_3_697.png
image/Roud1_3_698.png	label/Roud1_3_698.png
image/Roud1_3_71.png	label/Roud1_3_71.png
image/Roud1_3_719.png	label/Roud1_3_719.png
image/Roud1_3_721.png	label/Roud1_3_721.png
image/Roud1_3_741.png	label/Roud1_3_741.png
image/Roud1_3_796.png	label/Roud1_3_796.png
image/Roud1_3_803.png	label/Roud1_3_803.png
image/Roud1_3_806.png	label/Roud1_3_806.png
image/Roud1_3_810.png	label/Roud1_3_810.png
image/Roud1_3_82.png	label/Roud1_3_82.png
image/Roud1_3_827.png	label/Roud1_3_827.png
image/Roud1_3_840.png	label/Roud1_3_840.png
image/Roud1_3_844.png	label/Roud1_3_844.png
image/Roud1_3_845.png	label/Roud1_3_845.png
image/Roud1_3_860.png	label/Roud1_3_860.png
image/Roud1_3_867.png	label/Roud1_3_867.png
image/Roud1_3_881.png	label/Roud1_3_881.png
image/Roud1_3_885.png	label/Roud1_3_885.png
image/Roud1_3_886.png	label/Roud1_3_886.png
image/Roud1_3_905.png	label/Roud1_3_905.png
image/Roud1_3_930.png	label/Roud1_3_930.png
image/Roud1_3_933.png	label/Roud1_3_933.png
image/Roud1_3_941.png	label/Roud1_3_941.png
image/Roud1_3_950.png	label/Roud1_3_950.png
image/Roud1_3_968.png	label/Roud1_3_968.png
image/Roud1_3_98.png	label/Roud1_3_98.png
image/Roud1_3_985.png	label/Roud1_3_985.png
image/Roud1_3_997.png	label/Roud1_3_997.png
image/Round1_1012.png	label/Round1_1012.png
image/Round1_1016.png	label/Round1_1016.png
image/Round1_1017.png	label/Round1_1017.png
image/Round1_1023.png	label/Round1_1023.png
image/Round1_1027.png	label/Round1_1027.png
image/Round1_104.png	label/Round1_104.png
image/Round1_1040.png	label/Round1_1040.png
image/Round1_1048.png	label/Round1_1048.png
image/Round1_1049.png	label/Round1_1049.png
image/Round1_1050.png	label/Round1_1050.png
image/Round1_1061.png	label/Round1_1061.png
image/Round1_1065.png	label/Round1_1065.png
image/Round1_11.png	label/Round1_11.png
image/Round1_1102.png	label/Round1_1102.png
image/Round1_1120.png	label/Round1_1120.png
image/Round1_1139.png	label/Round1_1139.png
image/Round1_1144.png	label/Round1_1144.png
image/Round1_1154.png	label/Round1_1154.png
image/Round1_1159.png	label/Round1_1159.png
image/Round1_1162.png	label/Round1_1162.png
image/Round1_1168.png	label/Round1_1168.png
image/Round1_1179.png	label/Round1_1179.png
image/Round1_1182.png	label/Round1_1182.png
image/Round1_1209.png	label/Round1_1209.png
image/Round1_1219.png	label/Round1_1219.png
image/Round1_1228.png	label/Round1_1228.png
image/Round1_1232.png	label/Round1_1232.png
image/Round1_1298.png	label/Round1_1298.png
image/Round1_1318.png	label/Round1_1318.png
image/Round1_1328.png	label/Round1_1328.png
image/Round1_1330.png	label/Round1_1330.png
image/Round1_1335.png	label/Round1_1335.png
image/Round1_1363.png	label/Round1_1363.png
image/Round1_1364.png	label/Round1_1364.png
image/Round1_1369.png	label/Round1_1369.png
image/Round1_1395.png	label/Round1_1395.png
image/Round1_145.png	label/Round1_145.png
image/Round1_15.png	label/Round1_15.png
image/Round1_159.png	label/Round1_159.png
image/Round1_160.png	label/Round1_160.png
image/Round1_188.png	label/Round1_188.png
image/Round1_189.png	label/Round1_189.png
image/Round1_196.png	label/Round1_196.png
image/Round1_208.png	label/Round1_208.png
image/Round1_214.png	label/Round1_214.png
image/Round1_22.png	label/Round1_22.png
image/Round1_230.png	label/Round1_230.png
image/Round1_233.png	label/Round1_233.png
image/Round1_242.png	label/Round1_242.png
image/Round1_251.png	label/Round1_251.png
image/Round1_266.png	label/Round1_266.png
image/Round1_28.png	label/Round1_28.png
image/Round1_281.png	label/Round1_281.png
image/Round1_297.png	label/Round1_297.png
image/Round1_3.png	label/Round1_3.png
image/Round1_301.png	label/Round1_301.png
image/Round1_302.png	label/Round1_302.png
image/Round1_303.png	label/Round1_303.png
image/Round1_306.png	label/Round1_306.png
image/Round1_321.png	label/Round1_321.png
image/Round1_329.png	label/Round1_329.png
image/Round1_353.png	label/Round1_353.png
image/Round1_357.png	label/Round1_357.png
image/Round1_358.png	label/Round1_358.png
image/Round1_369.png	label/Round1_369.png
image/Round1_370.png	label/Round1_370.png
image/Round1_381.png	label/Round1_381.png
image/Round1_386.png	label/Round1_386.png
image/Round1_394.png	label/Round1_394.png
image/Round1_397.png	label/Round1_397.png
image/Round1_410.png	label/Round1_410.png
image/Round1_415.png	label/Round1_415.png
image/Round1_419.png	label/Round1_419.png
image/Round1_425.png	label/Round1_425.png
image/Round1_427.png	label/Round1_427.png
image/Round1_432.png	label/Round1_432.png
image/Round1_44.png	label/Round1_44.png
image/Round1_441.png	label/Round1_441.png
image/Round1_445.png	label/Round1_445.png
image/Round1_465.png	label/Round1_465.png
image/Round1_487.png	label/Round1_487.png
image/Round1_495.png	label/Round1_495.png
image/Round1_504.png	label/Round1_504.png
image/Round1_51.png	label/Round1_51.png
image/Round1_520.png	label/Round1_520.png
image/Round1_521.png	label/Round1_521.png
image/Round1_535.png	label/Round1_535.png
image/Round1_545.png	label/Round1_545.png
image/Round1_549.png	label/Round1_549.png
image/Round1_579.png	label/Round1_579.png
image/Round1_588.png	label/Round1_588.png
image/Round1_600.png	label/Round1_600.png
image/Round1_603.png	label/Round1_603.png
image/Round1_610.png	label/Round1_610.png
image/Round1_619.png	label/Round1_619.png
image/Round1_653.png	label/Round1_653.png
image/Round1_654.png	label/Round1_654.png
image/Round1_656.png	label/Round1_656.png
image/Round1_658.png	label/Round1_658.png
image/Round1_662.png	label/Round1_662.png
image/Round1_669.png	label/Round1_669.png
image/Round1_678.png	label/Round1_678.png
image/Round1_68.png	label/Round1_68.png
image/Round1_697.png	label/Round1_697.png
image/Round1_704.png	label/Round1_704.png
image/Round1_731.png	label/Round1_731.png
image/Round1_751.png	label/Round1_751.png
image/Round1_756.png	label/Round1_756.png
image/Round1_760.png	label/Round1_760.png
image/Round1_772.png	label/Round1_772.png
image/Round1_780.png	label/Round1_780.png
image/Round1_806.png	label/Round1_806.png
image/Round1_818.png	label/Round1_818.png
image/Round1_82.png	label/Round1_82.png
image/Round1_822.png	label/Round1_822.png
image/Round1_823.png	label/Round1_823.png
image/Round1_826.png	label/Round1_826.png
image/Round1_841.png	label/Round1_841.png
image/Round1_843.png	label/Round1_843.png
image/Round1_861.png	label/Round1_861.png
image/Round1_862.png	label/Round1_862.png
image/Round1_866.png	label/Round1_866.png
image/Round1_87.png	label/Round1_87.png
image/Round1_871.png	label/Round1_871.png
image/Round1_891.png	label/Round1_891.png
image/Round1_893.png	label/Round1_893.png
image/Round1_910.png	label/Round1_910.png
image/Round1_918.png	label/Round1_918.png
image/Round1_921.png	label/Round1_921.png
image/Round1_926.png	label/Round1_926.png
image/Round1_93.png	label/Round1_93.png
image/Round1_942.png	label/Round1_942.png
image/Round1_950.png	label/Round1_950.png
image/Round1_974.png	label/Round1_974.png
image/Round1_994.png	label/Round1_994.png
image/Round1_998.png	label/Round1_998.png
image/Round2_1_102.png	label/Round2_1_102.png
image/Round2_1_1020.png	label/Round2_1_1020.png
image/Round2_1_1023.png	label/Round2_1_1023.png
image/Round2_1_1027.png	label/Round2_1_1027.png
image/Round2_1_1028.png	label/Round2_1_1028.png
image/Round2_1_1032.png	label/Round2_1_1032.png
image/Round2_1_1037.png	label/Round2_1_1037.png
image/Round2_1_1043.png	label/Round2_1_1043.png
image/Round2_1_1044.png	label/Round2_1_1044.png
image/Round2_1_1046.png	label/Round2_1_1046.png
image/Round2_1_1050.png	label/Round2_1_1050.png
image/Round2_1_1058.png	label/Round2_1_1058.png
image/Round2_1_1061.png	label/Round2_1_1061.png
image/Round2_1_1072.png	label/Round2_1_1072.png
image/Round2_1_1077.png	label/Round2_1_1077.png
image/Round2_1_1087.png	label/Round2_1_1087.png
image/Round2_1_1088.png	label/Round2_1_1088.png
image/Round2_1_1092.png	label/Round2_1_1092.png
image/Round2_1_1093.png	label/Round2_1_1093.png
image/Round2_1_1096.png	label/Round2_1_1096.png
image/Round2_1_110.png	label/Round2_1_110.png
image/Round2_1_1108.png	label/Round2_1_1108.png
image/Round2_1_1135.png	label/Round2_1_1135.png
image/Round2_1_1154.png	label/Round2_1_1154.png
image/Round2_1_1177.png	label/Round2_1_1177.png
image/Round2_1_1183.png	label/Round2_1_1183.png
image/Round2_1_1188.png	label/Round2_1_1188.png
image/Round2_1_1199.png	label/Round2_1_1199.png
image/Round2_1_1204.png	label/Round2_1_1204.png
image/Round2_1_121.png	label/Round2_1_121.png
image/Round2_1_1216.png	label/Round2_1_1216.png
image/Round2_1_1233.png	label/Round2_1_1233.png
image/Round2_1_1248.png	label/Round2_1_1248.png
image/Round2_1_1258.png	label/Round2_1_1258.png
image/Round2_1_1264.png	label/Round2_1_1264.png
image/Round2_1_1268.png	label/Round2_1_1268.png
image/Round2_1_1269.png	label/Round2_1_1269.png
image/Round2_1_1275.png	label/Round2_1_1275.png
image/Round2_1_1278.png	label/Round2_1_1278.png
image/Round2_1_129.png	label/Round2_1_129.png
image/Round2_1_1298.png	label/Round2_1_1298.png
image/Round2_1_130.png	label/Round2_1_130.png
image/Round2_1_1312.png	label/Round2_1_1312.png
image/Round2_1_134.png	label/Round2_1_134.png
image/Round2_1_135.png	label/Round2_1_135.png
image/Round2_1_136.png	label/Round2_1_136.png
image/Round2_1_1371.png	label/Round2_1_1371.png
image/Round2_1_1372.png	label/Round2_1_1372.png
image/Round2_1_1382.png	label/Round2_1_1382.png
image/Round2_1_1392.png	label/Round2_1_1392.png
image/Round2_1_1395.png	label/Round2_1_1395.png
image/Round2_1_14.png	label/Round2_1_14.png
image/Round2_1_1424.png	label/Round2_1_1424.png
image/Round2_1_1426.png	label/Round2_1_1426.png
image/Round2_1_1435.png	label/Round2_1_1435.png
image/Round2_1_1446.png	label/Round2_1_1446.png
image/Round2_1_1462.png	label/Round2_1_1462.png
image/Round2_1_1478.png	label/Round2_1_1478.png
image/Round2_1_1485.png	label/Round2_1_1485.png
image/Round2_1_1489.png	label/Round2_1_1489.png
image/Round2_1_1492.png	label/Round2_1_1492.png
image/Round2_1_1505.png	label/Round2_1_1505.png
image/Round2_1_1517.png	label/Round2_1_1517.png
image/Round2_1_1533.png	label/Round2_1_1533.png
image/Round2_1_1545.png	label/Round2_1_1545.png
image/Round2_1_1553.png	label/Round2_1_1553.png
image/Round2_1_1593.png	label/Round2_1_1593.png
image/Round2_1_1595.png	label/Round2_1_1595.png
image/Round2_1_1616.png	label/Round2_1_1616.png
image/Round2_1_1618.png	label/Round2_1_1618.png
image/Round2_1_162.png	label/Round2_1_162.png
image/Round2_1_1643.png	label/Round2_1_1643.png
image/Round2_1_1655.png	label/Round2_1_1655.png
image/Round2_1_1669.png	label/Round2_1_1669.png
image/Round2_1_1687.png	label/Round2_1_1687.png
image/Round2_1_1692.png	label/Round2_1_1692.png
image/Round2_1_1703.png	label/Round2_1_1703.png
image/Round2_1_1711.png	label/Round2_1_1711.png
image/Round2_1_1714.png	label/Round2_1_1714.png
image/Round2_1_1721.png	label/Round2_1_1721.png
image/Round2_1_1731.png	label/Round2_1_1731.png
image/Round2_1_1732.png	label/Round2_1_1732.png
image/Round2_1_1748.png	label/Round2_1_1748.png
image/Round2_1_1750.png	label/Round2_1_1750.png
image/Round2_1_176.png	label/Round2_1_176.png
image/Round2_1_1775.png	label/Round2_1_1775.png
image/Round2_1_1783.png	label/Round2_1_1783.png
image/Round2_1_1784.png	label/Round2_1_1784.png
image/Round2_1_1813.png	label/Round2_1_1813.png
image/Round2_1_1814.png	label/Round2_1_1814.png
image/Round2_1_1824.png	label/Round2_1_1824.png
image/Round2_1_1828.png	label/Round2_1_1828.png
image/Round2_1_1829.png	label/Round2_1_1829.png
image/Round2_1_1830.png	label/Round2_1_1830.png
image/Round2_1_1837.png	label/Round2_1_1837.png
image/Round2_1_1838.png	label/Round2_1_1838.png
image/Round2_1_1850.png	label/Round2_1_1850.png
image/Round2_1_1859.png	label/Round2_1_1859.png
image/Round2_1_1874.png	label/Round2_1_1874.png
image/Round2_1_1886.png	label/Round2_1_1886.png
image/Round2_1_1889.png	label/Round2_1_1889.png
image/Round2_1_1894.png	label/Round2_1_1894.png
image/Round2_1_1897.png	label/Round2_1_1897.png
image/Round2_1_1900.png	label/Round2_1_1900.png
image/Round2_1_1906.png	label/Round2_1_1906.png
image/Round2_1_1912.png	label/Round2_1_1912.png
image/Round2_1_1917.png	label/Round2_1_1917.png
image/Round2_1_192.png	label/Round2_1_192.png
image/Round2_1_1946.png	label/Round2_1_1946.png
image/Round2_1_195.png	label/Round2_1_195.png
image/Round2_1_1954.png	label/Round2_1_1954.png
image/Round2_1_1955.png	label/Round2_1_1955.png
image/Round2_1_1957.png	label/Round2_1_1957.png
image/Round2_1_1978.png	label/Round2_1_1978.png
image/Round2_1_1980.png	label/Round2_1_1980.png
image/Round2_1_1983.png	label/Round2_1_1983.png
image/Round2_1_1985.png	label/Round2_1_1985.png
image/Round2_1_1987.png	label/Round2_1_1987.png
image/Round2_1_1990.png	label/Round2_1_1990.png
image/Round2_1_20.png	label/Round2_1_20.png
image/Round2_1_2007.png	label/Round2_1_2007.png
image/Round2_1_2023.png	label/Round2_1_2023.png
image/Round2_1_2037.png	label/Round2_1_2037.png
image/Round2_1_2038.png	label/Round2_1_2038.png
image/Round2_1_2055.png	label/Round2_1_2055.png
image/Round2_1_2057.png	label/Round2_1_2057.png
image/Round2_1_2065.png	label/Round2_1_2065.png
image/Round2_1_2069.png	label/Round2_1_2069.png
image/Round2_1_2082.png	label/Round2_1_2082.png
image/Round2_1_2093.png	label/Round2_1_2093.png
image/Round2_1_2096.png	label/Round2_1_2096.png
image/Round2_1_2101.png	label/Round2_1_2101.png
image/Round2_1_2103.png	label/Round2_1_2103.png
image/Round2_1_2113.png	label/Round2_1_2113.png
image/Round2_1_2118.png	label/Round2_1_2118.png
image/Round2_1_2134.png	label/Round2_1_2134.png
image/Round2_1_2141.png	label/Round2_1_2141.png
image/Round2_1_2142.png	label/Round2_1_2142.png
image/Round2_1_2143.png	label/Round2_1_2143.png
image/Round2_1_216.png	label/Round2_1_216.png
image/Round2_1_2167.png	label/Round2_1_2167.png
image/Round2_1_2176.png	label/Round2_1_2176.png
image/Round2_1_2179.png	label/Round2_1_2179.png
image/Round2_1_2190.png	label/Round2_1_2190.png
image/Round2_1_2192.png	label/Round2_1_2192.png
image/Round2_1_220.png	label/Round2_1_220.png
image/Round2_1_2202.png	label/Round2_1_2202.png
image/Round2_1_2205.png	label/Round2_1_2205.png
image/Round2_1_2214.png	label/Round2_1_2214.png
image/Round2_1_2222.png	label/Round2_1_2222.png
image/Round2_1_2223.png	label/Round2_1_2223.png
image/Round2_1_2228.png	label/Round2_1_2228.png
image/Round2_1_223.png	label/Round2_1_223.png
image/Round2_1_2231.png	label/Round2_1_2231.png
image/Round2_1_2235.png	label/Round2_1_2235.png
image/Round2_1_2248.png	label/Round2_1_2248.png
image/Round2_1_2253.png	label/Round2_1_2253.png
image/Round2_1_226.png	label/Round2_1_226.png
image/Round2_1_2261.png	label/Round2_1_2261.png
image/Round2_1_2264.png	label/Round2_1_2264.png
image/Round2_1_2270.png	label/Round2_1_2270.png
image/Round2_1_2274.png	label/Round2_1_2274.png
image/Round2_1_2276.png	label/Round2_1_2276.png
image/Round2_1_2281.png	label/Round2_1_2281.png
image/Round2_1_2292.png	label/Round2_1_2292.png
image/Round2_1_2297.png	label/Round2_1_2297.png
image/Round2_1_2301.png	label/Round2_1_2301.png
image/Round2_1_232.png	label/Round2_1_232.png
image/Round2_1_2333.png	label/Round2_1_2333.png
image/Round2_1_2344.png	label/Round2_1_2344.png
image/Round2_1_2353.png	label/Round2_1_2353.png
image/Round2_1_2357.png	label/Round2_1_2357.png
image/Round2_1_2358.png	label/Round2_1_2358.png
image/Round2_1_2360.png	label/Round2_1_2360.png
image/Round2_1_2374.png	label/Round2_1_2374.png
image/Round2_1_2375.png	label/Round2_1_2375.png
image/Round2_1_2381.png	label/Round2_1_2381.png
image/Round2_1_2384.png	label/Round2_1_2384.png
image/Round2_1_239.png	label/Round2_1_239.png
image/Round2_1_2439.png	label/Round2_1_2439.png
image/Round2_1_2455.png	label/Round2_1_2455.png
image/Round2_1_2459.png	label/Round2_1_2459.png
image/Round2_1_2460.png	label/Round2_1_2460.png
image/Round2_1_2477.png	label/Round2_1_2477.png
image/Round2_1_2492.png	label/Round2_1_2492.png
image/Round2_1_2505.png	label/Round2_1_2505.png
image/Round2_1_2511.png	label/Round2_1_2511.png
image/Round2_1_2524.png	label/Round2_1_2524.png
image/Round2_1_2538.png	label/Round2_1_2538.png
image/Round2_1_2541.png	label/Round2_1_2541.png
image/Round2_1_2549.png	label/Round2_1_2549.png
image/Round2_1_2560.png	label/Round2_1_2560.png
image/Round2_1_2561.png	label/Round2_1_2561.png
image/Round2_1_2567.png	label/Round2_1_2567.png
image/Round2_1_2568.png	label/Round2_1_2568.png
image/Round2_1_2569.png	label/Round2_1_2569.png
image/Round2_1_2584.png	label/Round2_1_2584.png
image/Round2_1_2588.png	label/Round2_1_2588.png
image/Round2_1_26.png	label/Round2_1_26.png
image/Round2_1_2601.png	label/Round2_1_2601.png
image/Round2_1_2607.png	label/Round2_1_2607.png
image/Round2_1_2611.png	label/Round2_1_2611.png
image/Round2_1_262.png	label/Round2_1_262.png
image/Round2_1_2620.png	label/Round2_1_2620.png
image/Round2_1_2628.png	label/Round2_1_2628.png
image/Round2_1_2636.png	label/Round2_1_2636.png
image/Round2_1_2657.png	label/Round2_1_2657.png
image/Round2_1_2668.png	label/Round2_1_2668.png
image/Round2_1_2671.png	label/Round2_1_2671.png
image/Round2_1_2672.png	label/Round2_1_2672.png
image/Round2_1_27.png	label/Round2_1_27.png
image/Round2_1_2712.png	label/Round2_1_2712.png
image/Round2_1_2718.png	label/Round2_1_2718.png
image/Round2_1_273.png	label/Round2_1_273.png
image/Round2_1_2749.png	label/Round2_1_2749.png
image/Round2_1_2755.png	label/Round2_1_2755.png
image/Round2_1_2757.png	label/Round2_1_2757.png
image/Round2_1_2761.png	label/Round2_1_2761.png
image/Round2_1_2771.png	label/Round2_1_2771.png
image/Round2_1_2789.png	label/Round2_1_2789.png
image/Round2_1_2792.png	label/Round2_1_2792.png
image/Round2_1_2804.png	label/Round2_1_2804.png
image/Round2_1_281.png	label/Round2_1_281.png
image/Round2_1_2810.png	label/Round2_1_2810.png
image/Round2_1_2814.png	label/Round2_1_2814.png
image/Round2_1_2815.png	label/Round2_1_2815.png
image/Round2_1_2823.png	label/Round2_1_2823.png
image/Round2_1_2827.png	label/Round2_1_2827.png
image/Round2_1_2828.png	label/Round2_1_2828.png
image/Round2_1_2832.png	label/Round2_1_2832.png
image/Round2_1_285.png	label/Round2_1_285.png
image/Round2_1_2857.png	label/Round2_1_2857.png
image/Round2_1_2859.png	label/Round2_1_2859.png
image/Round2_1_2866.png	label/Round2_1_2866.png
image/Round2_1_2869.png	label/Round2_1_2869.png
image/Round2_1_2877.png	label/Round2_1_2877.png
image/Round2_1_2889.png	label/Round2_1_2889.png
image/Round2_1_2891.png	label/Round2_1_2891.png
image/Round2_1_2893.png	label/Round2_1_2893.png
image/Round2_1_2903.png	label/Round2_1_2903.png
image/Round2_1_2910.png	label/Round2_1_2910.png
image/Round2_1_2916.png	label/Round2_1_2916.png
image/Round2_1_2922.png	label/Round2_1_2922.png
image/Round2_1_2934.png	label/Round2_1_2934.png
image/Round2_1_2936.png	label/Round2_1_2936.png
image/Round2_1_2941.png	label/Round2_1_2941.png
image/Round2_1_2961.png	label/Round2_1_2961.png
image/Round2_1_2967.png	label/Round2_1_2967.png
image/Round2_1_2968.png	label/Round2_1_2968.png
image/Round2_1_299.png	label/Round2_1_299.png
image/Round2_1_2995.png	label/Round2_1_2995.png
image/Round2_1_3001.png	label/Round2_1_3001.png
image/Round2_1_3016.png	label/Round2_1_3016.png
image/Round2_1_3019.png	label/Round2_1_3019.png
image/Round2_1_3031.png	label/Round2_1_3031.png
image/Round2_1_3036.png	label/Round2_1_3036.png
image/Round2_1_3038.png	label/Round2_1_3038.png
image/Round2_1_3051.png	label/Round2_1_3051.png
image/Round2_1_3052.png	label/Round2_1_3052.png
image/Round2_1_3060.png	label/Round2_1_3060.png
image/Round2_1_307.png	label/Round2_1_307.png
image/Round2_1_3070.png	label/Round2_1_3070.png
image/Round2_1_3079.png	label/Round2_1_3079.png
image/Round2_1_3095.png	label/Round2_1_3095.png
image/Round2_1_3101.png	label/Round2_1_3101.png
image/Round2_1_3102.png	label/Round2_1_3102.png
image/Round2_1_3117.png	label/Round2_1_3117.png
image/Round2_1_3119.png	label/Round2_1_3119.png
image/Round2_1_3128.png	label/Round2_1_3128.png
image/Round2_1_313.png	label/Round2_1_313.png
image/Round2_1_3146.png	label/Round2_1_3146.png
image/Round2_1_3149.png	label/Round2_1_3149.png
image/Round2_1_3153.png	label/Round2_1_3153.png
image/Round2_1_3172.png	label/Round2_1_3172.png
image/Round2_1_3187.png	label/Round2_1_3187.png
image/Round2_1_3191.png	label/Round2_1_3191.png
image/Round2_1_3206.png	label/Round2_1_3206.png
image/Round2_1_3207.png	label/Round2_1_3207.png
image/Round2_1_3210.png	label/Round2_1_3210.png
image/Round2_1_3228.png	label/Round2_1_3228.png
image/Round2_1_3230.png	label/Round2_1_3230.png
image/Round2_1_3255.png	label/Round2_1_3255.png
image/Round2_1_3266.png	label/Round2_1_3266.png
image/Round2_1_3277.png	label/Round2_1_3277.png
image/Round2_1_3281.png	label/Round2_1_3281.png
image/Round2_1_329.png	label/Round2_1_329.png
image/Round2_1_3291.png	label/Round2_1_3291.png
image/Round2_1_33.png	label/Round2_1_33.png
image/Round2_1_3310.png	label/Round2_1_3310.png
image/Round2_1_3334.png	label/Round2_1_3334.png
image/Round2_1_3348.png	label/Round2_1_3348.png
image/Round2_1_3349.png	label/Round2_1_3349.png
image/Round2_1_3353.png	label/Round2_1_3353.png
image/Round2_1_3383.png	label/Round2_1_3383.png
image/Round2_1_3390.png	label/Round2_1_3390.png
image/Round2_1_3392.png	label/Round2_1_3392.png
image/Round2_1_3418.png	label/Round2_1_3418.png
image/Round2_1_3424.png	label/Round2_1_3424.png
image/Round2_1_3425.png	label/Round2_1_3425.png
image/Round2_1_3427.png	label/Round2_1_3427.png
image/Round2_1_3441.png	label/Round2_1_3441.png
image/Round2_1_3447.png	label/Round2_1_3447.png
image/Round2_1_3490.png	label/Round2_1_3490.png
image/Round2_1_35.png	label/Round2_1_35.png
image/Round2_1_3500.png	label/Round2_1_3500.png
image/Round2_1_352.png	label/Round2_1_352.png
image/Round2_1_3539.png	label/Round2_1_3539.png
image/Round2_1_3550.png	label/Round2_1_3550.png
image/Round2_1_3576.png	label/Round2_1_3576.png
image/Round2_1_3578.png	label/Round2_1_3578.png
image/Round2_1_359.png	label/Round2_1_359.png
image/Round2_1_3591.png	label/Round2_1_3591.png
image/Round2_1_3594.png	label/Round2_1_3594.png
image/Round2_1_3613.png	label/Round2_1_3613.png
image/Round2_1_365.png	label/Round2_1_365.png
image/Round2_1_37.png	label/Round2_1_37.png
image/Round2_1_375.png	label/Round2_1_375.png
image/Round2_1_393.png	label/Round2_1_393.png
image/Round2_1_407.png	label/Round2_1_407.png
image/Round2_1_442.png	label/Round2_1_442.png
image/Round2_1_447.png	label/Round2_1_447.png
image/Round2_1_449.png	label/Round2_1_449.png
image/Round2_1_472.png	label/Round2_1_472.png
image/Round2_1_478.png	label/Round2_1_478.png
image/Round2_1_48.png	label/Round2_1_48.png
image/Round2_1_487.png	label/Round2_1_487.png
image/Round2_1_5.png	label/Round2_1_5.png
image/Round2_1_502.png	label/Round2_1_502.png
image/Round2_1_515.png	label/Round2_1_515.png
image/Round2_1_518.png	label/Round2_1_518.png
image/Round2_1_521.png	label/Round2_1_521.png
image/Round2_1_548.png	label/Round2_1_548.png
image/Round2_1_565.png	label/Round2_1_565.png
image/Round2_1_599.png	label/Round2_1_599.png
image/Round2_1_60.png	label/Round2_1_60.png
image/Round2_1_602.png	label/Round2_1_602.png
image/Round2_1_605.png	label/Round2_1_605.png
image/Round2_1_611.png	label/Round2_1_611.png
image/Round2_1_614.png	label/Round2_1_614.png
image/Round2_1_616.png	label/Round2_1_616.png
image/Round2_1_624.png	label/Round2_1_624.png
image/Round2_1_627.png	label/Round2_1_627.png
image/Round2_1_631.png	label/Round2_1_631.png
image/Round2_1_636.png	label/Round2_1_636.png
image/Round2_1_641.png	label/Round2_1_641.png
image/Round2_1_668.png	label/Round2_1_668.png
image/Round2_1_679.png	label/Round2_1_679.png
image/Round2_1_681.png	label/Round2_1_681.png
image/Round2_1_693.png	label/Round2_1_693.png
image/Round2_1_700.png	label/Round2_1_700.png
image/Round2_1_71.png	label/Round2_1_71.png
image/Round2_1_710.png	label/Round2_1_710.png
image/Round2_1_721.png	label/Round2_1_721.png
image/Round2_1_729.png	label/Round2_1_729.png
image/Round2_1_732.png	label/Round2_1_732.png
image/Round2_1_749.png	label/Round2_1_749.png
image/Round2_1_759.png	label/Round2_1_759.png
image/Round2_1_761.png	label/Round2_1_761.png
image/Round2_1_781.png	label/Round2_1_781.png
image/Round2_1_787.png	label/Round2_1_787.png
image/Round2_1_794.png	label/Round2_1_794.png
image/Round2_1_797.png	label/Round2_1_797.png
image/Round2_1_803.png	label/Round2_1_803.png
image/Round2_1_815.png	label/Round2_1_815.png
image/Round2_1_818.png	label/Round2_1_818.png
image/Round2_1_820.png	label/Round2_1_820.png
image/Round2_1_84.png	label/Round2_1_84.png
image/Round2_1_855.png	label/Round2_1_855.png
image/Round2_1_877.png	label/Round2_1_877.png
image/Round2_1_88.png	label/Round2_1_88.png
image/Round2_1_897.png	label/Round2_1_897.png
image/Round2_1_90.png	label/Round2_1_90.png
image/Round2_1_925.png	label/Round2_1_925.png
image/Round2_1_93.png	label/Round2_1_93.png
image/Round2_1_931.png	label/Round2_1_931.png
image/Round2_1_937.png	label/Round2_1_937.png
image/Round2_1_940.png	label/Round2_1_940.png
image/Round2_1_955.png	label/Round2_1_955.png
image/Round2_1_960.png	label/Round2_1_960.png
image/Round2_1_966.png	label/Round2_1_966.png
image/Round2_1_981.png	label/Round2_1_981.png
image/Round2_1_994.png	label/Round2_1_994.png
